// Jest Snapshot v1, https://goo.gl/fbAQLP

exports[`<ColorPicker /> should render 1`] = `"<div class=\\"c-color-picker relative w-100\\"><button type=\\"button\\" id=\\"color-popover-btn-color-picker\\" style=\\"background-color: rgb(0, 0, 0);\\" aria-label=\\"Choose a color\\" class=\\"c-btn c-btn c-color-picker__swatch absolute\\" aria-expanded=\\"false\\" aria-controls=\\"color-popover-color-picker\\" aria-haspopup=\\"true\\" data-dropdown-initialized=\\"true\\"></button><input aria-label=\\"Choose a color\\" id=\\"color-picker\\" spellcheck=\\"false\\" class=\\"c-color-picker__input crayons-textfield\\"><div id=\\"color-popover-color-picker\\" class=\\"c-color-picker__popover crayons-dropdown absolute p-0\\"><div class=\\"react-colorful\\"><div style=\\"background-color: rgb(255, 0, 0);\\" class=\\"react-colorful__saturation\\"><div aria-label=\\"Color\\" aria-valuetext=\\"Saturation 0%, Brightness 0%\\" tabindex=\\"0\\" role=\\"slider\\" class=\\"react-colorful__interactive\\"><div style=\\"top: 100%; left: 0%;\\" class=\\"react-colorful__pointer react-colorful__saturation-pointer\\"><div style=\\"background-color: rgb(0, 0, 0);\\" class=\\"react-colorful__pointer-fill\\"></div></div></div></div><div class=\\"react-colorful__hue react-colorful__last-control\\"><div aria-label=\\"Hue\\" aria-valuenow=\\"0\\" aria-valuemax=\\"360\\" aria-valuemin=\\"0\\" tabindex=\\"0\\" role=\\"slider\\" class=\\"react-colorful__interactive\\"><div style=\\"top: 50%; left: 0%;\\" class=\\"react-colorful__pointer react-colorful__hue-pointer\\"><div style=\\"background-color: rgb(255, 0, 0);\\" class=\\"react-colorful__pointer-fill\\"></div></div></div></div></div></div></div>"`;

exports[`<ColorPicker /> should render with a default value 1`] = `"<div class=\\"c-color-picker relative w-100\\"><button type=\\"button\\" id=\\"color-popover-btn-color-picker\\" style=\\"background-color: rgb(171, 171, 171);\\" aria-label=\\"Choose a color\\" class=\\"c-btn c-btn c-color-picker__swatch absolute\\" aria-expanded=\\"false\\" aria-controls=\\"color-popover-color-picker\\" aria-haspopup=\\"true\\" data-dropdown-initialized=\\"true\\"></button><input aria-label=\\"Choose a color\\" id=\\"color-picker\\" spellcheck=\\"false\\" class=\\"c-color-picker__input crayons-textfield\\"><div id=\\"color-popover-color-picker\\" class=\\"c-color-picker__popover crayons-dropdown absolute p-0\\"><div class=\\"react-colorful\\"><div style=\\"background-color: rgb(255, 0, 0);\\" class=\\"react-colorful__saturation\\"><div aria-label=\\"Color\\" aria-valuetext=\\"Saturation 0%, Brightness 67%\\" tabindex=\\"0\\" role=\\"slider\\" class=\\"react-colorful__interactive\\"><div style=\\"top: 32.99999999999999%; left: 0%;\\" class=\\"react-colorful__pointer react-colorful__saturation-pointer\\"><div style=\\"background-color: rgb(171, 171, 171);\\" class=\\"react-colorful__pointer-fill\\"></div></div></div></div><div class=\\"react-colorful__hue react-colorful__last-control\\"><div aria-label=\\"Hue\\" aria-valuenow=\\"0\\" aria-valuemax=\\"360\\" aria-valuemin=\\"0\\" tabindex=\\"0\\" role=\\"slider\\" class=\\"react-colorful__interactive\\"><div style=\\"top: 50%; left: 0%;\\" class=\\"react-colorful__pointer react-colorful__hue-pointer\\"><div style=\\"background-color: rgb(255, 0, 0);\\" class=\\"react-colorful__pointer-fill\\"></div></div></div></div></div></div></div>"`;
